Archive member included because of file (symbol)

/usr/lib/gcc/avr/4.7.2/avr6/libgcc.a(_exit.o)
                              /usr/lib/gcc/avr/4.7.2/../../../avr/lib/avr6/crtm2560.o (exit)
/usr/lib/gcc/avr/4.7.2/avr6/libgcc.a(_copy_data.o)
                              /home/omar/avr_test/built/mortos/mcal/atmega2560/dio/pinconfig.out (__do_copy_data)
/usr/lib/gcc/avr/4.7.2/../../../avr/lib/avr6/libc.a(malloc.o)
                              /home/omar/avr_test/built/mortos/mem/mem.out (malloc)
/usr/lib/gcc/avr/4.7.2/avr6/libgcc.a(_clear_bss.o)
                              /usr/lib/gcc/avr/4.7.2/../../../avr/lib/avr6/libc.a(malloc.o) (__do_clear_bss)

Allocating common symbols
Common symbol       size              file

__brkval            0x2               /usr/lib/gcc/avr/4.7.2/../../../avr/lib/avr6/libc.a(malloc.o)
__flp               0x2               /usr/lib/gcc/avr/4.7.2/../../../avr/lib/avr6/libc.a(malloc.o)

Memory Configuration

Name             Origin             Length             Attributes
text             0x0000000000000000 0x0000000000100000 xr
data             0x0000000000800200 0x000000000000fe00 rw !x
eeprom           0x0000000000810000 0x0000000000010000 rw !x
fuse             0x0000000000820000 0x0000000000000400 rw !x
lock             0x0000000000830000 0x0000000000000400 rw !x
signature        0x0000000000840000 0x0000000000000400 rw !x
*default*        0x0000000000000000 0xffffffffffffffff

Linker script and memory map

Address of section .data set to 0x800200
LOAD /usr/lib/gcc/avr/4.7.2/../../../avr/lib/avr6/crtm2560.o
LOAD /home/omar/avr_test/built/mortos/mcal/atmega2560/dio/pin.out
LOAD /home/omar/avr_test/built/mortos/mcal/atmega2560/dio/pinconfig.out
LOAD /home/omar/avr_test/built/mortos/mem/mem.out
LOAD /home/omar/avr_test/built/app/test.out
                0x000000000080045f                __heap_end = 0x80045f
                0x0000000000800400                __heap_start = 0x800400
                0x0000000000800400                __bss_end = 0x800400
                0x0000000000800300                __bss_start = 0x800300
                0x0000000000800300                __data_end = 0x800300
LOAD /usr/lib/gcc/avr/4.7.2/avr6/libgcc.a
LOAD /usr/lib/gcc/avr/4.7.2/avr6/libgcc.a
LOAD /usr/lib/gcc/avr/4.7.2/../../../avr/lib/avr6/libm.a
LOAD /usr/lib/gcc/avr/4.7.2/../../../avr/lib/avr6/libc.a
LOAD /usr/lib/gcc/avr/4.7.2/avr6/libgcc.a
LOAD /usr/lib/gcc/avr/4.7.2/../../../avr/lib/avr6/libc.a
LOAD /usr/lib/gcc/avr/4.7.2/avr6/libgcc.a

.hash
 *(.hash)

.dynsym
 *(.dynsym)

.dynstr
 *(.dynstr)

.gnu.version
 *(.gnu.version)

.gnu.version_d
 *(.gnu.version_d)

.gnu.version_r
 *(.gnu.version_r)

.rel.init
 *(.rel.init)

.rela.init
 *(.rela.init)

.rel.text
 *(.rel.text)
 *(.rel.text.*)
 *(.rel.gnu.linkonce.t*)

.rela.text
 *(.rela.text)
 *(.rela.text.*)
 *(.rela.gnu.linkonce.t*)

.rel.fini
 *(.rel.fini)

.rela.fini
 *(.rela.fini)

.rel.rodata
 *(.rel.rodata)
 *(.rel.rodata.*)
 *(.rel.gnu.linkonce.r*)

.rela.rodata
 *(.rela.rodata)
 *(.rela.rodata.*)
 *(.rela.gnu.linkonce.r*)

.rel.data
 *(.rel.data)
 *(.rel.data.*)
 *(.rel.gnu.linkonce.d*)

.rela.data
 *(.rela.data)
 *(.rela.data.*)
 *(.rela.gnu.linkonce.d*)

.rel.ctors
 *(.rel.ctors)

.rela.ctors
 *(.rela.ctors)

.rel.dtors
 *(.rel.dtors)

.rela.dtors
 *(.rela.dtors)

.rel.got
 *(.rel.got)

.rela.got
 *(.rela.got)

.rel.bss
 *(.rel.bss)

.rela.bss
 *(.rela.bss)

.rel.plt
 *(.rel.plt)

.rela.plt
 *(.rela.plt)

.text           0x0000000000000000      0x914
 *(.vectors)
 .vectors       0x0000000000000000       0xe4 /usr/lib/gcc/avr/4.7.2/../../../avr/lib/avr6/crtm2560.o
                0x0000000000000000                __vectors
                0x0000000000000000                __vector_default
 *(.vectors)
 *(.progmem.gcc*)
 *(.progmem*)
                0x00000000000000e4                . = ALIGN (0x2)
                0x00000000000000e4                __trampolines_start = .
 *(.trampolines)
 .trampolines   0x00000000000000e4        0x0 linker stubs
 *(.trampolines*)
                0x00000000000000e4                __trampolines_end = .
 *(.jumptables)
 *(.jumptables*)
 *(.lowtext)
 *(.lowtext*)
                0x00000000000000e4                __ctors_start = .
 *(.ctors)
                0x00000000000000e4                __ctors_end = .
                0x00000000000000e4                __dtors_start = .
 *(.dtors)
                0x00000000000000e4                __dtors_end = .
 SORT(*)(.ctors)
 SORT(*)(.dtors)
 *(.init0)
 .init0         0x00000000000000e4        0x0 /usr/lib/gcc/avr/4.7.2/../../../avr/lib/avr6/crtm2560.o
                0x00000000000000e4                __init
 *(.init0)
 *(.init1)
 *(.init1)
 *(.init2)
 .init2         0x00000000000000e4       0x10 /usr/lib/gcc/avr/4.7.2/../../../avr/lib/avr6/crtm2560.o
 *(.init2)
 *(.init3)
 *(.init3)
 *(.init4)
 .init4         0x00000000000000f4       0x1a /usr/lib/gcc/avr/4.7.2/avr6/libgcc.a(_copy_data.o)
                0x00000000000000f4                __do_copy_data
 .init4         0x000000000000010e       0x10 /usr/lib/gcc/avr/4.7.2/avr6/libgcc.a(_clear_bss.o)
                0x000000000000010e                __do_clear_bss
 *(.init4)
 *(.init5)
 *(.init5)
 *(.init6)
 *(.init6)
 *(.init7)
 *(.init7)
 *(.init8)
 *(.init8)
 *(.init9)
 .init9         0x000000000000011e        0x8 /usr/lib/gcc/avr/4.7.2/../../../avr/lib/avr6/crtm2560.o
 *(.init9)
 *(.text)
 .text          0x0000000000000126        0x4 /usr/lib/gcc/avr/4.7.2/../../../avr/lib/avr6/crtm2560.o
                0x0000000000000126                __vector_38
                0x0000000000000126                __vector_22
                0x0000000000000126                __vector_28
                0x0000000000000126                __vector_1
                0x0000000000000126                __vector_32
                0x0000000000000126                __vector_34
                0x0000000000000126                __vector_24
                0x0000000000000126                __vector_12
                0x0000000000000126                __vector_55
                0x0000000000000126                __vector_46
                0x0000000000000126                __bad_interrupt
                0x0000000000000126                __vector_6
                0x0000000000000126                __vector_31
                0x0000000000000126                __vector_35
                0x0000000000000126                __vector_39
                0x0000000000000126                __vector_3
                0x0000000000000126                __vector_23
                0x0000000000000126                __vector_30
                0x0000000000000126                __vector_45
                0x0000000000000126                __vector_25
                0x0000000000000126                __vector_11
                0x0000000000000126                __vector_54
                0x0000000000000126                __vector_13
                0x0000000000000126                __vector_17
                0x0000000000000126                __vector_19
                0x0000000000000126                __vector_56
                0x0000000000000126                __vector_7
                0x0000000000000126                __vector_49
                0x0000000000000126                __vector_41
                0x0000000000000126                __vector_43
                0x0000000000000126                __vector_27
                0x0000000000000126                __vector_5
                0x0000000000000126                __vector_33
                0x0000000000000126                __vector_47
                0x0000000000000126                __vector_52
                0x0000000000000126                __vector_37
                0x0000000000000126                __vector_4
                0x0000000000000126                __vector_44
                0x0000000000000126                __vector_51
                0x0000000000000126                __vector_9
                0x0000000000000126                __vector_2
                0x0000000000000126                __vector_21
                0x0000000000000126                __vector_15
                0x0000000000000126                __vector_36
                0x0000000000000126                __vector_29
                0x0000000000000126                __vector_40
                0x0000000000000126                __vector_8
                0x0000000000000126                __vector_26
                0x0000000000000126                __vector_48
                0x0000000000000126                __vector_14
                0x0000000000000126                __vector_53
                0x0000000000000126                __vector_10
                0x0000000000000126                __vector_50
                0x0000000000000126                __vector_16
                0x0000000000000126                __vector_18
                0x0000000000000126                __vector_20
                0x0000000000000126                __vector_42
 .text          0x000000000000012a      0x486 /home/omar/avr_test/built/mortos/mcal/atmega2560/dio/pin.out
                0x000000000000012a                _ZN3dio3PinC2ENS_5PinIdE
                0x000000000000012a                _ZN3dio3PinC1ENS_5PinIdE
                0x0000000000000162                _ZN3dio3PinC2ENS_5PinIdENS_7PinModeE
                0x0000000000000162                _ZN3dio3PinC1ENS_5PinIdENS_7PinModeE
                0x00000000000001a8                _ZN3dio3PinD1Ev
                0x00000000000001a8                _ZN3dio3PinD2Ev
                0x00000000000001c2                _ZN3dio3Pin10getPinModeEv
                0x0000000000000262                _ZN3dio3Pin10setPinModeENS_7PinModeE
                0x00000000000003c6                _ZN3dio3Pin3setEb
                0x0000000000000520                _ZN3dio3Pin3getEv
 .text          0x00000000000005b0        0x0 /home/omar/avr_test/built/mortos/mcal/atmega2560/dio/pinconfig.out
 .text          0x00000000000005b0       0x44 /home/omar/avr_test/built/mortos/mem/mem.out
                0x00000000000005b0                _Znwj
                0x00000000000005d2                _ZdlPv
 .text          0x00000000000005f4       0xaa /home/omar/avr_test/built/app/test.out
                0x00000000000005f4                main
 .text          0x000000000000069e        0x0 /usr/lib/gcc/avr/4.7.2/avr6/libgcc.a(_exit.o)
 .text          0x000000000000069e        0x0 /usr/lib/gcc/avr/4.7.2/avr6/libgcc.a(_copy_data.o)
 .text          0x000000000000069e        0x0 /usr/lib/gcc/avr/4.7.2/../../../avr/lib/avr6/libc.a(malloc.o)
 .text          0x000000000000069e        0x0 /usr/lib/gcc/avr/4.7.2/avr6/libgcc.a(_clear_bss.o)
                0x000000000000069e                . = ALIGN (0x2)
 *(.text.*)
 .text.libgcc.mul
                0x000000000000069e        0x0 /usr/lib/gcc/avr/4.7.2/avr6/libgcc.a(_exit.o)
 .text.libgcc.div
                0x000000000000069e        0x0 /usr/lib/gcc/avr/4.7.2/avr6/libgcc.a(_exit.o)
 .text.libgcc   0x000000000000069e        0x0 /usr/lib/gcc/avr/4.7.2/avr6/libgcc.a(_exit.o)
 .text.libgcc.prologue
                0x000000000000069e        0x0 /usr/lib/gcc/avr/4.7.2/avr6/libgcc.a(_exit.o)
 .text.libgcc.builtins
                0x000000000000069e        0x0 /usr/lib/gcc/avr/4.7.2/avr6/libgcc.a(_exit.o)
 .text.libgcc.fmul
                0x000000000000069e        0x0 /usr/lib/gcc/avr/4.7.2/avr6/libgcc.a(_exit.o)
 .text.libgcc.mul
                0x000000000000069e        0x0 /usr/lib/gcc/avr/4.7.2/avr6/libgcc.a(_copy_data.o)
 .text.libgcc.div
                0x000000000000069e        0x0 /usr/lib/gcc/avr/4.7.2/avr6/libgcc.a(_copy_data.o)
 .text.libgcc   0x000000000000069e        0x0 /usr/lib/gcc/avr/4.7.2/avr6/libgcc.a(_copy_data.o)
 .text.libgcc.prologue
                0x000000000000069e        0x0 /usr/lib/gcc/avr/4.7.2/avr6/libgcc.a(_copy_data.o)
 .text.libgcc.builtins
                0x000000000000069e        0x0 /usr/lib/gcc/avr/4.7.2/avr6/libgcc.a(_copy_data.o)
 .text.libgcc.fmul
                0x000000000000069e        0x0 /usr/lib/gcc/avr/4.7.2/avr6/libgcc.a(_copy_data.o)
 .text.avr-libc
                0x000000000000069e      0x272 /usr/lib/gcc/avr/4.7.2/../../../avr/lib/avr6/libc.a(malloc.o)
                0x000000000000069e                malloc
                0x00000000000007d4                free
 .text.libgcc.mul
                0x0000000000000910        0x0 /usr/lib/gcc/avr/4.7.2/avr6/libgcc.a(_clear_bss.o)
 .text.libgcc.div
                0x0000000000000910        0x0 /usr/lib/gcc/avr/4.7.2/avr6/libgcc.a(_clear_bss.o)
 .text.libgcc   0x0000000000000910        0x0 /usr/lib/gcc/avr/4.7.2/avr6/libgcc.a(_clear_bss.o)
 .text.libgcc.prologue
                0x0000000000000910        0x0 /usr/lib/gcc/avr/4.7.2/avr6/libgcc.a(_clear_bss.o)
 .text.libgcc.builtins
                0x0000000000000910        0x0 /usr/lib/gcc/avr/4.7.2/avr6/libgcc.a(_clear_bss.o)
 .text.libgcc.fmul
                0x0000000000000910        0x0 /usr/lib/gcc/avr/4.7.2/avr6/libgcc.a(_clear_bss.o)
                0x0000000000000910                . = ALIGN (0x2)
 *(.fini9)
 .fini9         0x0000000000000910        0x0 /usr/lib/gcc/avr/4.7.2/avr6/libgcc.a(_exit.o)
                0x0000000000000910                exit
                0x0000000000000910                _exit
 *(.fini9)
 *(.fini8)
 *(.fini8)
 *(.fini7)
 *(.fini7)
 *(.fini6)
 *(.fini6)
 *(.fini5)
 *(.fini5)
 *(.fini4)
 *(.fini4)
 *(.fini3)
 *(.fini3)
 *(.fini2)
 *(.fini2)
 *(.fini1)
 *(.fini1)
 *(.fini0)
 .fini0         0x0000000000000910        0x4 /usr/lib/gcc/avr/4.7.2/avr6/libgcc.a(_exit.o)
 *(.fini0)
                0x0000000000000914                _etext = .

.data           0x0000000000800200       0x1c load address 0x0000000000000914
                0x0000000000800200                PROVIDE (__data_start, .)
 *(.data)
 .data          0x0000000000800200        0x0 /usr/lib/gcc/avr/4.7.2/../../../avr/lib/avr6/crtm2560.o
 .data          0x0000000000800200        0x0 /home/omar/avr_test/built/mortos/mcal/atmega2560/dio/pin.out
 .data          0x0000000000800200       0x15 /home/omar/avr_test/built/mortos/mcal/atmega2560/dio/pinconfig.out
                0x0000000000800200                _ZN3dio11g_pins_dataE
 .data          0x0000000000800215        0x0 /home/omar/avr_test/built/mortos/mem/mem.out
 .data          0x0000000000800215        0x0 /home/omar/avr_test/built/app/test.out
 .data          0x0000000000800215        0x0 /usr/lib/gcc/avr/4.7.2/avr6/libgcc.a(_exit.o)
 .data          0x0000000000800215        0x0 /usr/lib/gcc/avr/4.7.2/avr6/libgcc.a(_copy_data.o)
 .data          0x0000000000800215        0x6 /usr/lib/gcc/avr/4.7.2/../../../avr/lib/avr6/libc.a(malloc.o)
                0x0000000000800215                __malloc_heap_end
                0x0000000000800217                __malloc_heap_start
                0x0000000000800219                __malloc_margin
 .data          0x000000000080021b        0x0 /usr/lib/gcc/avr/4.7.2/avr6/libgcc.a(_clear_bss.o)
 *(.data*)
 *(.rodata)
 *(.rodata*)
 *(.gnu.linkonce.d*)
                0x000000000080021c                . = ALIGN (0x2)
 *fill*         0x000000000080021b        0x1 00
                0x000000000080021c                _edata = .
                0x000000000080021c                PROVIDE (__data_end, .)

.bss            0x000000000080021c        0x4
                0x000000000080021c                PROVIDE (__bss_start, .)
 *(.bss)
 .bss           0x000000000080021c        0x0 /usr/lib/gcc/avr/4.7.2/../../../avr/lib/avr6/crtm2560.o
 .bss           0x000000000080021c        0x0 /home/omar/avr_test/built/mortos/mcal/atmega2560/dio/pin.out
 .bss           0x000000000080021c        0x0 /home/omar/avr_test/built/mortos/mcal/atmega2560/dio/pinconfig.out
 .bss           0x000000000080021c        0x0 /home/omar/avr_test/built/mortos/mem/mem.out
 .bss           0x000000000080021c        0x0 /home/omar/avr_test/built/app/test.out
 .bss           0x000000000080021c        0x0 /usr/lib/gcc/avr/4.7.2/avr6/libgcc.a(_exit.o)
 .bss           0x000000000080021c        0x0 /usr/lib/gcc/avr/4.7.2/avr6/libgcc.a(_copy_data.o)
 .bss           0x000000000080021c        0x0 /usr/lib/gcc/avr/4.7.2/../../../avr/lib/avr6/libc.a(malloc.o)
 .bss           0x000000000080021c        0x0 /usr/lib/gcc/avr/4.7.2/avr6/libgcc.a(_clear_bss.o)
 *(.bss*)
 *(COMMON)
 COMMON         0x000000000080021c        0x4 /usr/lib/gcc/avr/4.7.2/../../../avr/lib/avr6/libc.a(malloc.o)
                0x000000000080021c                __brkval
                0x000000000080021e                __flp
                0x0000000000800220                PROVIDE (__bss_end, .)
                0x0000000000000914                __data_load_start = LOADADDR (.data)
                0x0000000000000930                __data_load_end = (__data_load_start + SIZEOF (.data))

.noinit         0x0000000000800220        0x0
                0x0000000000800220                PROVIDE (__noinit_start, .)
 *(.noinit*)
                0x0000000000800220                PROVIDE (__noinit_end, .)
                0x0000000000800220                _end = .
                0x0000000000800220                PROVIDE (__heap_start, .)

.eeprom         0x0000000000810000        0x0
 *(.eeprom*)
                0x0000000000810000                __eeprom_end = .

.fuse
 *(.fuse)
 *(.lfuse)
 *(.hfuse)
 *(.efuse)

.lock
 *(.lock*)

.signature
 *(.signature*)

.stab           0x0000000000000000     0x22a4
 *(.stab)
 .stab          0x0000000000000000      0x6e4 /usr/lib/gcc/avr/4.7.2/../../../avr/lib/avr6/crtm2560.o
 .stab          0x00000000000006e4      0x744 /home/omar/avr_test/built/mortos/mcal/atmega2560/dio/pin.out
                                        0x750 (size before relaxing)
 .stab          0x0000000000000e28      0x3cc /home/omar/avr_test/built/mortos/mcal/atmega2560/dio/pinconfig.out
                                        0x3d8 (size before relaxing)
 .stab          0x00000000000011f4      0x450 /home/omar/avr_test/built/mortos/mem/mem.out
                                        0x45c (size before relaxing)
 .stab          0x0000000000001644      0x4d4 /home/omar/avr_test/built/app/test.out
                                        0x4e0 (size before relaxing)
 .stab          0x0000000000001b18      0x78c /usr/lib/gcc/avr/4.7.2/../../../avr/lib/avr6/libc.a(malloc.o)
                                        0x798 (size before relaxing)

.stabstr        0x0000000000000000     0x17db
 *(.stabstr)
 .stabstr       0x0000000000000000     0x17db /usr/lib/gcc/avr/4.7.2/../../../avr/lib/avr6/crtm2560.o

.stab.excl
 *(.stab.excl)

.stab.exclstr
 *(.stab.exclstr)

.stab.index
 *(.stab.index)

.stab.indexstr
 *(.stab.indexstr)

.comment        0x0000000000000000       0x22
 *(.comment)
 .comment       0x0000000000000000       0x11 /home/omar/avr_test/built/mortos/mcal/atmega2560/dio/pin.out
                                         0x12 (size before relaxing)
 .comment       0x0000000000000000       0x12 /home/omar/avr_test/built/mortos/mcal/atmega2560/dio/pinconfig.out
 .comment       0x0000000000000000       0x12 /home/omar/avr_test/built/mortos/mem/mem.out
 .comment       0x0000000000000000       0x12 /home/omar/avr_test/built/app/test.out
 .comment       0x0000000000000011       0x11 /usr/lib/gcc/avr/4.7.2/../../../avr/lib/avr6/libc.a(malloc.o)
                                         0x12 (size before relaxing)

.debug
 *(.debug)

.line
 *(.line)

.debug_srcinfo
 *(.debug_srcinfo)

.debug_sfnames
 *(.debug_sfnames)

.debug_aranges
 *(.debug_aranges)

.debug_pubnames
 *(.debug_pubnames)

.debug_info
 *(.debug_info)
 *(.gnu.linkonce.wi.*)

.debug_abbrev
 *(.debug_abbrev)

.debug_line
 *(.debug_line)

.debug_frame
 *(.debug_frame)

.debug_str
 *(.debug_str)

.debug_loc
 *(.debug_loc)

.debug_macinfo
 *(.debug_macinfo)
OUTPUT(image.out elf32-avr)
LOAD linker stubs
